PRITHVI MINE INSPECTION REPORT

Mine: BCCL Jharia
Inspection Date: 28-08-2026

Ventilation Inspection

Methane concentration: 1.25%
Air quantity: 450 m3/min
Temperature: 32 C

Ventilation fan number three was inspected and found operational.
No obstruction was observed.

All required checklist items were passed.
